// Jest Snapshot v1, https://goo.gl/fbAQLP

export const `index data passed to template with ctx {} 1`] = `
Object {
  "ctx": Object {
    "body": Object {
      "appVersion": "1.0.0",
      "environment": "test",
      "nodeVersion": "v12.3.1",
    },
    "query": Object {},
    "render": [Function],
    "state": Object {
      "CANONICAL_URL": "DUMMY_CANONICAL_URL",
    },
  },
  "renderedData": undefined,
}
`;
